{
  "version": "1.5.0",
  "plugins_used": [
    {
      "name": "ArtifactoryDetector"
    },
    {
      "name": "AWSKeyDetector"
    },
    {
      "name": "AzureStorageKeyDetector"
    },
    {
      "name": "Base64HighEntropyString",
      "limit": 4.5
    },
    {
      "name": "BasicAuthDetector"
    },
    {
      "name": "CloudantDetector"
    },
    {
      "name": "DiscordBotTokenDetector"
    },
    {
      "name": "GitHubTokenDetector"
    },
    {
      "name": "GitLabTokenDetector"
    },
    {
      "name": "HexHighEntropyString",
      "limit": 3.0
    },
    {
      "name": "IbmCloudIamDetector"
    },
    {
      "name": "IbmCosHmacDetector"
    },
    {
      "name": "IPPublicDetector"
    },
    {
      "name": "JwtTokenDetector"
    },
    {
      "name": "KeywordDetector",
      "keyword_exclude": ""
    },
    {
      "name": "MailchimpDetector"
    },
    {
      "name": "NpmDetector"
    },
    {
      "name": "OpenAIDetector"
    },
    {
      "name": "PrivateKeyDetector"
    },
    {
      "name": "PypiTokenDetector"
    },
    {
      "name": "SendGridDetector"
    },
    {
      "name": "SlackDetector"
    },
    {
      "name": "SoftlayerDetector"
    },
    {
      "name": "SquareOAuthDetector"
    },
    {
      "name": "StripeDetector"
    },
    {
      "name": "TelegramBotTokenDetector"
    },
    {
      "name": "TwilioKeyDetector"
    }
  ],
  "filters_used": [
    {
      "path": "detect_secrets.filters.allowlist.is_line_allowlisted"
    },
    {
      "path": "detect_secrets.filters.common.is_ignored_due_to_verification_policies",
      "min_level": 2
    },
    {
      "path": "detect_secrets.filters.heuristic.is_indirect_reference"
    },
    {
      "path": "detect_secrets.filters.heuristic.is_likely_id_string"
    },
    {
      "path": "detect_secrets.filters.heuristic.is_lock_file"
    },
    {
      "path": "detect_secrets.filters.heuristic.is_not_alphanumeric_string"
    },
    {
      "path": "detect_secrets.filters.heuristic.is_potential_uuid"
    },
    {
      "path": "detect_secrets.filters.heuristic.is_prefixed_with_dollar_sign"
    },
    {
      "path": "detect_secrets.filters.heuristic.is_sequential_string"
    },
    {
      "path": "detect_secrets.filters.heuristic.is_swagger_file"
    },
    {
      "path": "detect_secrets.filters.heuristic.is_templated_secret"
    },
    {
      "path": "detect_secrets.filters.regex.should_exclude_file",
      "pattern": [
        "env\\.example"
      ]
    }
  ],
  "results": {
    "SECURITY_REVIEW_RESPONSE.md": [
      {
        "type": "Secret Keyword",
        "filename": "SECURITY_REVIEW_RESPONSE.md",
        "hashed_secret": "9e03b19c5e00d23df053f87529ad4dd69655af02",
        "is_verified": false,
        "line_number": 135
      }
    ],
    "docs\\testing-guide.md": [
      {
        "type": "Secret Keyword",
        "filename": "docs\\testing-guide.md",
        "hashed_secret": "a64c89f2592b4dcccad86640cb7e063cc91e171e",
        "is_verified": false,
        "line_number": 73
      },
      {
        "type": "Secret Keyword",
        "filename": "docs\\testing-guide.md",
        "hashed_secret": "f32b67c7e26342af42efabc674d441dca0a281c5",
        "is_verified": false,
        "line_number": 234
      }
    ],
    "tests\\test_coverage_smoke.py": [
      {
        "type": "Secret Keyword",
        "filename": "tests\\test_coverage_smoke.py",
        "hashed_secret": "24f08565d17e7aae0048c56d799835a8dd913d1c",
        "is_verified": false,
        "line_number": 287
      },
      {
        "type": "Secret Keyword",
        "filename": "tests\\test_coverage_smoke.py",
        "hashed_secret": "7357f58dddd31933e2f059ac5a7dd7ea5aa5e68d",
        "is_verified": false,
        "line_number": 288
      },
      {
        "type": "Secret Keyword",
        "filename": "tests\\test_coverage_smoke.py",
        "hashed_secret": "1914abee3539ad090dedf80f3949c2c2b2e63afe",
        "is_verified": false,
        "line_number": 289
      },
      {
        "type": "Secret Keyword",
        "filename": "tests\\test_coverage_smoke.py",
        "hashed_secret": "b70de519cb32af798c3635c3d0a1fc0ad3970590",
        "is_verified": false,
        "line_number": 290
      },
      {
        "type": "Secret Keyword",
        "filename": "tests\\test_coverage_smoke.py",
        "hashed_secret": "330584fd8bea53ff52b7892de5047dbfd75f87b0",
        "is_verified": false,
        "line_number": 291
      },
      {
        "type": "Secret Keyword",
        "filename": "tests\\test_coverage_smoke.py",
        "hashed_secret": "aec24dcd2df5a352e5813b4c2c0915aac00777cc",
        "is_verified": false,
        "line_number": 298
      }
    ],
    "tests\\test_integration_workflows.py": [
      {
        "type": "Secret Keyword",
        "filename": "tests\\test_integration_workflows.py",
        "hashed_secret": "b7a875fc1ea228b9061041b7cec4bd3c52ab3ce3",
        "is_verified": false,
        "line_number": 350
      },
      {
        "type": "Secret Keyword",
        "filename": "tests\\test_integration_workflows.py",
        "hashed_secret": "13951588fd3325e25ed1e3b116d7009fb221c85e",
        "is_verified": false,
        "line_number": 352
      }
    ],
    "tests\\test_performance.py": [
      {
        "type": "Secret Keyword",
        "filename": "tests\\test_performance.py",
        "hashed_secret": "21dde79b804497e122f38dabc393f8e94f103ca6",
        "is_verified": false,
        "line_number": 272
      },
      {
        "type": "Secret Keyword",
        "filename": "tests\\test_performance.py",
        "hashed_secret": "cba7d8d926ee837cf3f92636a6d1cd0eb397db64",
        "is_verified": false,
        "line_number": 273
      }
    ],
    "tests\\test_prompts_mssp.py": [
      {
        "type": "Base64 High Entropy String",
        "filename": "tests\\test_prompts_mssp.py",
        "hashed_secret": "81199fcdcf98fcfd4c4f2c57a54fbd9d38a0a18c",
        "is_verified": false,
        "line_number": 119
      },
      {
        "type": "Secret Keyword",
        "filename": "tests\\test_prompts_mssp.py",
        "hashed_secret": "e48c47f1431afd3bb030deea266b4309e2228c5b",
        "is_verified": false,
        "line_number": 161
      },
      {
        "type": "Secret Keyword",
        "filename": "tests\\test_prompts_mssp.py",
        "hashed_secret": "d4c3d66fd0c38547a3c7a4c6bdc29c36911bc030",
        "is_verified": false,
        "line_number": 174
      },
      {
        "type": "Secret Keyword",
        "filename": "tests\\test_prompts_mssp.py",
        "hashed_secret": "a62f2225bf70bfaccbc7f1ef2a397836717377de",
        "is_verified": false,
        "line_number": 228
      }
    ],
    "tests\\test_review_remediation_critical.py": [
      {
        "type": "Secret Keyword",
        "filename": "tests\\test_review_remediation_critical.py",
        "hashed_secret": "a64c89f2592b4dcccad86640cb7e063cc91e171e",
        "is_verified": false,
        "line_number": 302
      },
      {
        "type": "Secret Keyword",
        "filename": "tests\\test_review_remediation_critical.py",
        "hashed_secret": "a0c18d6263ecb244bb4fc95b831b752303947388",
        "is_verified": false,
        "line_number": 305
      }
    ],
    "tests\\test_review_remediation_m5_h1.py": [
      {
        "type": "Secret Keyword",
        "filename": "tests\\test_review_remediation_m5_h1.py",
        "hashed_secret": "f3bbbd66a63d4bf1747940578ec3d0103530e21d",
        "is_verified": false,
        "line_number": 14
      },
      {
        "type": "Secret Keyword",
        "filename": "tests\\test_review_remediation_m5_h1.py",
        "hashed_secret": "4fa2519ad2d85de09d4f42a73eb361a01efc1549",
        "is_verified": false,
        "line_number": 15
      },
      {
        "type": "Secret Keyword",
        "filename": "tests\\test_review_remediation_m5_h1.py",
        "hashed_secret": "cd3a9bf74d413520b35da5f6d68bd312af2692ab",
        "is_verified": false,
        "line_number": 42
      }
    ],
    "tests\\test_secrets_backend.py": [
      {
        "type": "Secret Keyword",
        "filename": "tests\\test_secrets_backend.py",
        "hashed_secret": "89c5706804928f822a5eeb1ee21fd95304295e4c",
        "is_verified": false,
        "line_number": 9
      },
      {
        "type": "Secret Keyword",
        "filename": "tests\\test_secrets_backend.py",
        "hashed_secret": "a64c89f2592b4dcccad86640cb7e063cc91e171e",
        "is_verified": false,
        "line_number": 63
      },
      {
        "type": "Secret Keyword",
        "filename": "tests\\test_secrets_backend.py",
        "hashed_secret": "2f1b58064aec91b192206ad1391127958f4e89b6",
        "is_verified": false,
        "line_number": 66
      },
      {
        "type": "Secret Keyword",
        "filename": "tests\\test_secrets_backend.py",
        "hashed_secret": "55357933a7310d2db90c3fa1ed0970a7bb34ed39",
        "is_verified": false,
        "line_number": 122
      },
      {
        "type": "Secret Keyword",
        "filename": "tests\\test_secrets_backend.py",
        "hashed_secret": "2a3531c88426f28684944188386af2db281be603",
        "is_verified": false,
        "line_number": 123
      },
      {
        "type": "Secret Keyword",
        "filename": "tests\\test_secrets_backend.py",
        "hashed_secret": "af00da6a0bd0a2d0696f383cba9ab07c022600d0",
        "is_verified": false,
        "line_number": 171
      },
      {
        "type": "Secret Keyword",
        "filename": "tests\\test_secrets_backend.py",
        "hashed_secret": "32eb79a671e35f3a08c4ee7ec60cbb2ca7475e82",
        "is_verified": false,
        "line_number": 208
      }
    ],
    "tests\\test_security_hardening_approval_rbac.py": [
      {
        "type": "Secret Keyword",
        "filename": "tests\\test_security_hardening_approval_rbac.py",
        "hashed_secret": "605ab94ad70e532c3b4c91c039edea9286d6c963",
        "is_verified": false,
        "line_number": 319
      }
    ],
    "tests\\test_security_hardening_regressions.py": [
      {
        "type": "Secret Keyword",
        "filename": "tests\\test_security_hardening_regressions.py",
        "hashed_secret": "8867c88b56e0bfb82cffaf15a66bc8d107d6754a",
        "is_verified": false,
        "line_number": 77
      }
    ],
    "tests\\test_server_http.py": [
      {
        "type": "Secret Keyword",
        "filename": "tests\\test_server_http.py",
        "hashed_secret": "d4e0e04792fd434b5dc9c4155c178f66edcf4ed3",
        "is_verified": false,
        "line_number": 18
      }
    ],
    "tests\\test_targeted_tools.py": [
      {
        "type": "Secret Keyword",
        "filename": "tests\\test_targeted_tools.py",
        "hashed_secret": "fef341f85d87439e7d91a2d465b9871ef66b5e98",
        "is_verified": false,
        "line_number": 212
      }
    ],
    "tests\\test_tools.py": [
      {
        "type": "Secret Keyword",
        "filename": "tests\\test_tools.py",
        "hashed_secret": "25ab86bed149ca6ca9c1c0d5db7c9a91388ddeab",
        "is_verified": false,
        "line_number": 122
      },
      {
        "type": "Secret Keyword",
        "filename": "tests\\test_tools.py",
        "hashed_secret": "e9fe51f94eadabf54dbf2fbbd57188b9abee436e",
        "is_verified": false,
        "line_number": 138
      },
      {
        "type": "Secret Keyword",
        "filename": "tests\\test_tools.py",
        "hashed_secret": "6367c48dd193d56ea7b0baad25b19455e529f5ee",
        "is_verified": false,
        "line_number": 139
      }
    ],
    "wazuh_mcp\\secrets_backend.py": [
      {
        "type": "Secret Keyword",
        "filename": "wazuh_mcp\\secrets_backend.py",
        "hashed_secret": "a64c89f2592b4dcccad86640cb7e063cc91e171e",
        "is_verified": false,
        "line_number": 68
      },
      {
        "type": "Secret Keyword",
        "filename": "wazuh_mcp\\secrets_backend.py",
        "hashed_secret": "55357933a7310d2db90c3fa1ed0970a7bb34ed39",
        "is_verified": false,
        "line_number": 102
      }
    ]
  },
  "generated_at": "2026-06-04T05:36:56Z"
}
